[INFO] Scanning for projects...
[INFO] 
[INFO] ---------------< com.dummyjson:api-automation-dummyjson >---------------
[INFO] Building api-automation-dummyjson 1.0.0
[INFO] --------------------------------[ jar ]---------------------------------
[INFO] 
[INFO] --- maven-clean-plugin:2.5:clean (default-clean) @ api-automation-dummyjson ---
[INFO] Deleting C:\Automacao\Desafio Outsera\outsera-automacao-testes-api\target
[INFO] 
[INFO] --- maven-resources-plugin:2.6:resources (default-resources) @ api-automation-dummyjson ---
[INFO] Using 'UTF-8' encoding to copy filtered resources.
[INFO] skip non existing resourceDirectory C:\Automacao\Desafio Outsera\outsera-automacao-testes-api\src\main\resources
[INFO] 
[INFO] --- maven-compiler-plugin:3.12.1:compile (default-compile) @ api-automation-dummyjson ---
[INFO] No sources to compile
[INFO] 
[INFO] --- maven-resources-plugin:2.6:testResources (default-testResources) @ api-automation-dummyjson ---
[INFO] Using 'UTF-8' encoding to copy filtered resources.
[INFO] Copying 6 resources
[INFO] 
[INFO] --- maven-compiler-plugin:3.12.1:testCompile (default-testCompile) @ api-automation-dummyjson ---
[INFO] Recompiling the module because of changed source code.
[INFO] Compiling 13 source files with javac [debug target 17] to target\test-classes
[WARNING] system modules path not set in conjunction with -source 17
[INFO] Annotation processing is enabled because one or more processors were found
  on the class path. A future release of javac may disable annotation processing
  unless at least one processor is specified by name (-processor), or a search
  path is specified (--processor-path, --processor-module-path), or annotation
  processing is enabled explicitly (-proc:only, -proc:full).
  Use -Xlint:-options to suppress this message.
  Use -proc:none to disable annotation processing.
[INFO] ------------------------------------------------------------------------
[INFO] BUILD SUCCESS
[INFO] ------------------------------------------------------------------------
[INFO] Total time:  7.523 s
[INFO] Finished at: 2026-02-26T18:28:22-03:00
[INFO] ------------------------------------------------------------------------
